<html>
<body>
<pre>
<h1>µVision Build Log</h1>
<h2>Tool Versions:</h2>
IDE-Version: µVision V5.38.0.0
Copyright (C) 2022 ARM Ltd and ARM Germany GmbH. All rights reserved.
License Information: AMITH N, MSIS, LIC=----
 
Tool Versions:
Toolchain:       MDK-Lite  Version: 5.38.0.0
Toolchain Path:  C:\Keil_v5\ARM\ARMCC\Bin
C Compiler:      Armcc.exe
Assembler:       Armasm.exe V5.02.0.28 [Evaluation]
Linker/Locator:  ArmLink.exe V5.02.0.28 [Evaluation]
Library Manager: ArmAr.exe V5.02.0.28 [Evaluation]
Hex Converter:   FromElf.exe V5.02.0.28 [Evaluation]
CPU DLL:         SARM.DLL V5.38.0.0
Dialog DLL:      DARMP.DLL V1.54.1.0
Target DLL:      UL2ARM.DLL V1.74.16.0
Dialog DLL:      TARMP.DLL V1.54.1.0
 
<h2>Project:</h2>
C:\Users\AMITH\OneDrive\EMBEDDED SYSTEM\MCA\LAB\delay.uvproj
Project File Date:  10/09/2023

<h2>Output:</h2>
*** Using Compiler 'V5.02 [Build 28]', folder: 'C:\Keil_v5\ARM\ARMCC\Bin'
Rebuild target 'Target 1'
assembling Startup.s...
compiling main.c...
pll_init.h(6): warning:  #1-D: last line of file ends without a newline
  #endif
delay.h(9): warning:  #1-D: last line of file ends without a newline
  #endif 
main.c(16): warning:  #111-D: statement is unreachable
  	return 0;
main.c: 3 warnings, 0 errors
compiling delay.c...
delay.h(9): warning:  #1-D: last line of file ends without a newline
  #endif 
delay.c(25): warning:  #1-D: last line of file ends without a newline
  	
delay.c: 2 warnings, 0 errors
compiling pll_init.c...
pll_init.h(6): warning:  #1-D: last line of file ends without a newline
  #endif
pll_init.c(15): warning:  #1-D: last line of file ends without a newline
  }
pll_init.c: 2 warnings, 0 errors
linking...
Program Size: Code=696 RO-data=16 RW-data=0 ZI-data=1256  
".\Objects\delay.axf" - 0 Error(s), 7 Warning(s).
Build Time Elapsed:  00:00:00
</pre>
</body>
</html>
