<html>
<body>
<pre>
<h1>µVision Build Log</h1>
<h2>Tool Versions:</h2>
IDE-Version: µVision V5.38.0.0
Copyright (C) 2022 ARM Ltd and ARM Germany GmbH. All rights reserved.
License Information: AMITH N, MSIS, LIC=----
 
Tool Versions:
Toolchain:       MDK-Lite  Version: 5.38.0.0
Toolchain Path:  C:\Keil_v5\ARM\ARMCC\Bin
C Compiler:      Armcc.exe
Assembler:       Armasm.exe V5.02.0.28 [Evaluation]
Linker/Locator:  ArmLink.exe V5.02.0.28 [Evaluation]
Library Manager: ArmAr.exe V5.02.0.28 [Evaluation]
Hex Converter:   FromElf.exe V5.02.0.28 [Evaluation]
CPU DLL:         SARM.DLL V5.38.0.0
Dialog DLL:      DARMP.DLL V1.54.1.0
Target DLL:      UL2ARM.DLL V1.74.16.0
Dialog DLL:      TARMP.DLL V1.54.1.0
 
<h2>Project:</h2>
C:\Users\AMITH\OneDrive\EMBEDDED SYSTEM\MCA\UART\uart.uvproj
Project File Date:  12/06/2023

<h2>Output:</h2>
*** Using Compiler 'V5.02 [Build 28]', folder: 'C:\Keil_v5\ARM\ARMCC\Bin'
Build target 'Target 1'
compiling uart.c...
uart.c(62): warning:  #140-D: too many arguments in function call
  		rx(10);
uart.c(65): warning:  #111-D: statement is unreachable
  	return 0;
uart.c(66): warning:  #1-D: last line of file ends without a newline
  }
uart.c: 3 warnings, 0 errors
linking...
Program Size: Code=700 RO-data=16 RW-data=0 ZI-data=1256  
".\Objects\uart.axf" - 0 Error(s), 3 Warning(s).
Build Time Elapsed:  00:00:00
</pre>
</body>
</html>
