<html>
<body>
<pre>
<h1>µVision Build Log</h1>
<h2>Tool Versions:</h2>
IDE-Version: µVision V5.38.0.0
Copyright (C) 2022 ARM Ltd and ARM Germany GmbH. All rights reserved.
License Information: AMITH N, MSIS, LIC=----
 
Tool Versions:
Toolchain:       MDK-Lite  Version: 5.38.0.0
Toolchain Path:  C:\Keil_v5\ARM\ARMCC\Bin
C Compiler:      Armcc.exe
Assembler:       Armasm.exe V5.02.0.28 [Evaluation]
Linker/Locator:  ArmLink.exe V5.02.0.28 [Evaluation]
Library Manager: ArmAr.exe V5.02.0.28 [Evaluation]
Hex Converter:   FromElf.exe V5.02.0.28 [Evaluation]
CPU DLL:         SARM.DLL V5.38.0.0
Dialog DLL:      DARMP.DLL V1.54.1.0
Target DLL:      UL2ARM.DLL V1.74.16.0
Dialog DLL:      TARMP.DLL V1.54.1.0
 
<h2>Project:</h2>
C:\Users\AMITH\OneDrive\EMBEDDED SYSTEM\MCA\LAB\delay60MHz\60MHz.uvproj
Project File Date:  09/14/2023

<h2>Output:</h2>
*** Using Compiler 'V5.02 [Build 28]', folder: 'C:\Keil_v5\ARM\ARMCC\Bin'
Rebuild target 'Target 1'
assembling Startup.s...
compiling 60MHz.C...
60MHz.C(3): warning:  #1295-D: Deprecated declaration pll - give arg types
  void pll();
60MHz.C(39): warning:  #1-D: last line of file ends without a newline
  }
linking...
Program Size: Code=668 RO-data=16 RW-data=0 ZI-data=1260  
".\60MHz.axf" - 0 Error(s), 2 Warning(s).
Build Time Elapsed:  00:00:01
</pre>
</body>
</html>
